---
source: src/parameter.rs
expression: "Parameter\n{\n    name: \"f64[]\".to_string(), value:\n    Some(ParameterValue::Array(vec![ParameterValue::Number(1.23),\n    ParameterValue::Number(4.56),])), r#type:\n    Some(ParameterType::Float64Array),\n}"
---
{
  "name": "f64[]",
  "type": "float64_array",
  "value": [
    1.23,
    4.56
  ]
}
