---
source: rust/foxglove/src/data_provider/mod.rs
expression: manifest
---
{
  "name": "Test Source",
  "sources": [
    {
      "url": "/v1/data",
      "id": "test-id",
      "topics": [
        {
          "name": "/topic1",
          "messageEncoding": "protobuf",
          "schemaId": 1
        },
        {
          "name": "/topic2",
          "messageEncoding": "protobuf",
          "schemaId": 1
        }
      ],
      "schemas": [
        {
          "id": 1,
          "name": "TestMessage",
          "encoding": "protobuf",
          "data": "dGVzdC1zY2hlbWEtZGF0YQ=="
        }
      ],
      "startTime": "2024-01-01T00:00:00Z",
      "endTime": "2024-01-02T00:00:00Z"
    }
  ]
}
