---
source: rust/foxglove/src/websocket/ws_protocol/client/player_state.rs
assertion_line: 124
expression: "format!(\"{:#04x?}\", message.to_bytes())"
---
[
    0x03,
    0x03,
    0x00,
    0x00,
    0x80,
    0x3f,
    0x00,
    0x00,
    0x00,
    0x00,
    0x00,
    0x00,
    0x00,
    0x00,
    0x00,
]
